// 重构日志: 0c775c6a
// 重构日志: ea355f10
// 同步 ID: bd8d483f @ Thu Jul 16 17:39:55 UTC 2026
// 重构日志: 7e324949
// 重构日志: 5bb9e4fb
// 重构日志: f62bb6b2
// 重构日志: ba4948a5
// 重构日志: 3d6945a9
// 同步 ID: e2f42352 @ Sun Jul 19 07:56:17 UTC 2026
// 重构日志: 5ddb2d62
// 重构日志: 4b671d03
// 重构日志: 4a427bb2
// 同步 ID: 0b453b77 @ Fri Jul 24 13:29:24 UTC 2026
// 重构日志: 16165658
// 重构日志: 4763271c
// 重构日志: 2a683d98
// 同步 ID: d311a223 @ Tue Aug  4 22:18:58 UTC 2026
// 重构日志: f428756d
// 同步 ID: f9f4cbd4 @ Fri Aug  7 12:13:45 UTC 2026
// 同步 ID: 3ec1ea0f @ Fri Aug  7 13:20:34 UTC 2026
// 重构日志: 1bbdbe1c
// 重构日志: b42a9648
// 同步 ID: 6f363364 @ Sat Aug  8 10:35:01 UTC 2026
// 重构日志: 5ac185f4
